<?xml version="1.0" encoding="UTF-8"?>
<TestRun id="522b01f1-aa92-4046-971e-dafcb77469ae" name="jetti@JETTI-PC 2012-01-12 21:49:24" runUser="jetti-PC\jetti" xmlns="http://microsoft.com/schemas/VisualStudio/TeamTest/2010">
  <TestSettings name="Local" id="f38551aa-cce3-4c9c-b338-6dc9c15741ad">
    <Description>These are default test settings for a local test run.</Description>
    <Deployment enabled="false" runDeploymentRoot="jetti_JETTI-PC 2012-01-12 21_49_24">
      <DeploymentItem filename="C:\Users\jetti\Combinators\Combinators\bin\Debug\Combinators.dll" />
    </Deployment>
    <Execution>
      <TestTypeSpecific />
      <AgentRule name="Execution Agents">
      </AgentRule>
    </Execution>
  </TestSettings>
  <Times creation="2012-01-12T21:49:24.2766820-06:00" queuing="2012-01-12T21:49:24.3078821-06:00" start="2012-01-12T21:49:24.3234821-06:00" finish="2012-01-12T21:49:24.5262825-06:00" />
  <ResultSummary outcome="Completed">
    <Counters total="6" executed="6" passed="6" error="0" failed="0" timeout="0" aborted="0" inconclusive="0" passedButRunAborted="0" notRunnable="0" notExecuted="0" disconnected="0" warning="0" completed="0" inProgress="0" pending="0" />
  </ResultSummary>
  <TestDefinitions>
    <UnitTest name="bCombinatorNonEnumerableTest" storage="c:\users\jetti\combinators\tests\bin\debug\tests.dll" id="23a107af-dbbf-4275-2785-3f938395de5f">
      <Execution id="6865b590-a54a-4443-8fb7-65a70409f4df" />
      <TestMethod codeBase="C:/Users/jetti/Combinators/Tests/bin/Debug/Tests.DLL" adapterTypeName="Microsoft.VisualStudio.TestTools.TestTypes.Unit.UnitTestAdapter, Microsoft.VisualStudio.QualityTools.Tips.UnitTest.Adapter, Version=10.0.0.0, Culture=neutral, PublicKeyToken=b03f5f7f11d50a3a" className="Tests.CombinatorTests, Tests, Version=1.0.0.0, Culture=neutral, PublicKeyToken=null" name="bCombinatorNonEnumerableTest" />
    </UnitTest>
    <UnitTest name="kCombinatorNonEnumerableTest" storage="c:\users\jetti\combinators\tests\bin\debug\tests.dll" id="b5707e90-f804-de0c-be1f-faf0ba18e107">
      <Execution id="ad794a45-9085-41a7-971a-25192a3d885f" />
      <TestMethod codeBase="C:/Users/jetti/Combinators/Tests/bin/Debug/Tests.DLL" adapterTypeName="Microsoft.VisualStudio.TestTools.TestTypes.Unit.UnitTestAdapter, Microsoft.VisualStudio.QualityTools.Tips.UnitTest.Adapter, Version=10.0.0.0, Culture=neutral, PublicKeyToken=b03f5f7f11d50a3a" className="Tests.CombinatorTests, Tests, Version=1.0.0.0, Culture=neutral, PublicKeyToken=null" name="kCombinatorNonEnumerableTest" />
    </UnitTest>
    <UnitTest name="cCombinatorNonEnumerable" storage="c:\users\jetti\combinators\tests\bin\debug\tests.dll" id="a36b29d0-368a-fa73-a1b1-ff8d10f4ddcc">
      <Execution id="cf32fa36-d2c6-4123-af52-afdb52f09099" />
      <TestMethod codeBase="C:/Users/jetti/Combinators/Tests/bin/Debug/Tests.DLL" adapterTypeName="Microsoft.VisualStudio.TestTools.TestTypes.Unit.UnitTestAdapter, Microsoft.VisualStudio.QualityTools.Tips.UnitTest.Adapter, Version=10.0.0.0, Culture=neutral, PublicKeyToken=b03f5f7f11d50a3a" className="Tests.CombinatorTests, Tests, Version=1.0.0.0, Culture=neutral, PublicKeyToken=null" name="cCombinatorNonEnumerable" />
    </UnitTest>
    <UnitTest name="BCombinatorIEnumerableTest" storage="c:\users\jetti\combinators\tests\bin\debug\tests.dll" id="6399a604-fd56-6740-6af6-f751e3b8cb0b">
      <Execution id="46064d9e-94cc-439c-98f6-c79024db816c" />
      <TestMethod codeBase="C:/Users/jetti/Combinators/Tests/bin/Debug/Tests.DLL" adapterTypeName="Microsoft.VisualStudio.TestTools.TestTypes.Unit.UnitTestAdapter, Microsoft.VisualStudio.QualityTools.Tips.UnitTest.Adapter, Version=10.0.0.0, Culture=neutral, PublicKeyToken=b03f5f7f11d50a3a" className="Tests.CombinatorTests, Tests, Version=1.0.0.0, Culture=neutral, PublicKeyToken=null" name="BCombinatorIEnumerableTest" />
    </UnitTest>
    <UnitTest name="KCombinatorIEnumberableTest" storage="c:\users\jetti\combinators\tests\bin\debug\tests.dll" id="7f72c452-4fca-1ee5-91bf-eb341226dcb2">
      <Execution id="c9f1acc5-0846-4f8f-a85c-f87d2734dbd6" />
      <TestMethod codeBase="C:/Users/jetti/Combinators/Tests/bin/Debug/Tests.DLL" adapterTypeName="Microsoft.VisualStudio.TestTools.TestTypes.Unit.UnitTestAdapter, Microsoft.VisualStudio.QualityTools.Tips.UnitTest.Adapter, Version=10.0.0.0, Culture=neutral, PublicKeyToken=b03f5f7f11d50a3a" className="Tests.CombinatorTests, Tests, Version=1.0.0.0, Culture=neutral, PublicKeyToken=null" name="KCombinatorIEnumberableTest" />
    </UnitTest>
    <UnitTest name="CCombinatorIEnumerableTest" storage="c:\users\jetti\combinators\tests\bin\debug\tests.dll" id="d5eb120d-3040-3c27-d27b-93c136a23e68">
      <Execution id="ce26d2c8-c427-4070-957b-aaafc33de2bf" />
      <TestMethod codeBase="C:/Users/jetti/Combinators/Tests/bin/Debug/Tests.DLL" adapterTypeName="Microsoft.VisualStudio.TestTools.TestTypes.Unit.UnitTestAdapter, Microsoft.VisualStudio.QualityTools.Tips.UnitTest.Adapter, Version=10.0.0.0, Culture=neutral, PublicKeyToken=b03f5f7f11d50a3a" className="Tests.CombinatorTests, Tests, Version=1.0.0.0, Culture=neutral, PublicKeyToken=null" name="CCombinatorIEnumerableTest" />
    </UnitTest>
  </TestDefinitions>
  <TestLists>
    <TestList name="Results Not in a List" id="8c84fa94-04c1-424b-9868-57a2d4851a1d" />
    <TestList name="All Loaded Results" id="19431567-8539-422a-85d7-44ee4e166bda" />
  </TestLists>
  <TestEntries>
    <TestEntry testId="23a107af-dbbf-4275-2785-3f938395de5f" executionId="6865b590-a54a-4443-8fb7-65a70409f4df" testListId="8c84fa94-04c1-424b-9868-57a2d4851a1d" />
    <TestEntry testId="6399a604-fd56-6740-6af6-f751e3b8cb0b" executionId="46064d9e-94cc-439c-98f6-c79024db816c" testListId="8c84fa94-04c1-424b-9868-57a2d4851a1d" />
    <TestEntry testId="7f72c452-4fca-1ee5-91bf-eb341226dcb2" executionId="c9f1acc5-0846-4f8f-a85c-f87d2734dbd6" testListId="8c84fa94-04c1-424b-9868-57a2d4851a1d" />
    <TestEntry testId="a36b29d0-368a-fa73-a1b1-ff8d10f4ddcc" executionId="cf32fa36-d2c6-4123-af52-afdb52f09099" testListId="8c84fa94-04c1-424b-9868-57a2d4851a1d" />
    <TestEntry testId="b5707e90-f804-de0c-be1f-faf0ba18e107" executionId="ad794a45-9085-41a7-971a-25192a3d885f" testListId="8c84fa94-04c1-424b-9868-57a2d4851a1d" />
    <TestEntry testId="d5eb120d-3040-3c27-d27b-93c136a23e68" executionId="ce26d2c8-c427-4070-957b-aaafc33de2bf" testListId="8c84fa94-04c1-424b-9868-57a2d4851a1d" />
  </TestEntries>
  <Results>
    <UnitTestResult executionId="6865b590-a54a-4443-8fb7-65a70409f4df" testId="23a107af-dbbf-4275-2785-3f938395de5f" testName="bCombinatorNonEnumerableTest" computerName="JETTI-PC" duration="00:00:00.0108756" startTime="2012-01-12T21:49:24.3234821-06:00" endTime="2012-01-12T21:49:24.4794824-06:00" testType="13cdc9d9-ddb5-4fa4-a97d-d965ccfc6d4b" outcome="Passed" testListId="8c84fa94-04c1-424b-9868-57a2d4851a1d" relativeResultsDirectory="6865b590-a54a-4443-8fb7-65a70409f4df">
    </UnitTestResult>
    <UnitTestResult executionId="46064d9e-94cc-439c-98f6-c79024db816c" testId="6399a604-fd56-6740-6af6-f751e3b8cb0b" testName="BCombinatorIEnumerableTest" computerName="JETTI-PC" duration="00:00:00.0029051" startTime="2012-01-12T21:49:24.4794824-06:00" endTime="2012-01-12T21:49:24.4950824-06:00" testType="13cdc9d9-ddb5-4fa4-a97d-d965ccfc6d4b" outcome="Passed" testListId="8c84fa94-04c1-424b-9868-57a2d4851a1d" relativeResultsDirectory="46064d9e-94cc-439c-98f6-c79024db816c">
    </UnitTestResult>
    <UnitTestResult executionId="c9f1acc5-0846-4f8f-a85c-f87d2734dbd6" testId="7f72c452-4fca-1ee5-91bf-eb341226dcb2" testName="KCombinatorIEnumberableTest" computerName="JETTI-PC" duration="00:00:00.0011812" startTime="2012-01-12T21:49:24.4950824-06:00" endTime="2012-01-12T21:49:24.4950824-06:00" testType="13cdc9d9-ddb5-4fa4-a97d-d965ccfc6d4b" outcome="Passed" testListId="8c84fa94-04c1-424b-9868-57a2d4851a1d" relativeResultsDirectory="c9f1acc5-0846-4f8f-a85c-f87d2734dbd6">
    </UnitTestResult>
    <UnitTestResult executionId="cf32fa36-d2c6-4123-af52-afdb52f09099" testId="a36b29d0-368a-fa73-a1b1-ff8d10f4ddcc" testName="cCombinatorNonEnumerable" computerName="JETTI-PC" duration="00:00:00.0007932" startTime="2012-01-12T21:49:24.4950824-06:00" endTime="2012-01-12T21:49:24.5106824-06:00" testType="13cdc9d9-ddb5-4fa4-a97d-d965ccfc6d4b" outcome="Passed" testListId="8c84fa94-04c1-424b-9868-57a2d4851a1d" relativeResultsDirectory="cf32fa36-d2c6-4123-af52-afdb52f09099">
    </UnitTestResult>
    <UnitTestResult executionId="ad794a45-9085-41a7-971a-25192a3d885f" testId="b5707e90-f804-de0c-be1f-faf0ba18e107" testName="kCombinatorNonEnumerableTest" computerName="JETTI-PC" duration="00:00:00.0005552" startTime="2012-01-12T21:49:24.5106824-06:00" endTime="2012-01-12T21:49:24.5106824-06:00" testType="13cdc9d9-ddb5-4fa4-a97d-d965ccfc6d4b" outcome="Passed" testListId="8c84fa94-04c1-424b-9868-57a2d4851a1d" relativeResultsDirectory="ad794a45-9085-41a7-971a-25192a3d885f">
    </UnitTestResult>
    <UnitTestResult executionId="ce26d2c8-c427-4070-957b-aaafc33de2bf" testId="d5eb120d-3040-3c27-d27b-93c136a23e68" testName="CCombinatorIEnumerableTest" computerName="JETTI-PC" duration="00:00:00.0025518" startTime="2012-01-12T21:49:24.5106824-06:00" endTime="2012-01-12T21:49:24.5106824-06:00" testType="13cdc9d9-ddb5-4fa4-a97d-d965ccfc6d4b" outcome="Passed" testListId="8c84fa94-04c1-424b-9868-57a2d4851a1d" relativeResultsDirectory="ce26d2c8-c427-4070-957b-aaafc33de2bf">
    </UnitTestResult>
  </Results>
</TestRun>